// Jest Snapshot v1, https://goo.gl/fbAQLP

exports[`headline span 1`] = `
<div
  class="headline"
>
  <div
    class="container headline__container"
  >
    <div
      class="slot-wrap"
    />
    <div
      class="title"
    >
      
    </div>
    <div
      class="right btns"
    >
      <button
        class="btn"
        type="button"
      >
        Выйти
      </button>
    </div>
  </div>
</div>
`;
